// Jest Snapshot v1, https://goo.gl/fbAQLP

exports[`App renders the App without translations, but all necessary information 1`] = `
<div>
  <header>
    <img
      alt="__({ id: 'header.logo.alt' })"
      src="/path/to/img"
    />
  </header>
  <main>
    <button>
      __({ id: 'account.remove' })
    </button>
    <p>
      __({ id: 'account.remove.info', values: {"email":"my.example@mail.com"} })
    </p>
    __({ id: 'account.tac.text', values: {"tac":{"type":"a","key":null,"ref":null,"props":{"href":"/path/to/tac","children":"__({ id: 'account.tac' })"},"_owner":null,"_store":{}},"info":"__({ id: 'account.tac.info' })","br":{"type":"br","key":null,"ref":null,"props":{},"_owner":null,"_store":{}}} })
  </main>
  <footer>
    <a
      href="/path/to/home"
    >
      __({ id: 'footer.navigation.home' })
    </a>
  </footer>
</div>
`;
