// Vitest Snapshot v1

exports[`App > renders the App without translations, but all necessary information 1`] = `
<div>
  <header>
    <img
      alt="__('header.logo.alt')"
      src="/path/to/img"
    />
  </header>
  <main>
    <button>
      __('account.remove')
    </button>
    <p>
      __({ id: 'account.remove.info', values: {email: 'my.example@mail.com'} })
    </p>
    __({ id: 'account.tac.text', values: {br: &lt;br /&gt;, info: "__({ id: 'account.tac.info' })", tac: &lt;a href="/path/to/tac"&gt;__({ id: 'account.tac' })&lt;/a&gt;} })
  </main>
  <footer>
    <a
      href="/path/to/home"
    >
      __({ id: 'footer.navigation.home' })
    </a>
    <img
      alt="__('footer.logo.alt')"
      src="/path/to/img-footer"
    />
  </footer>
</div>
`;
